Archive member included to satisfy reference by file (symbol)

/opt/st/stm32cubeide_1.4.0/plugins/com.st.stm32cube.ide.mcu.externaltools.gnu-tools-for-stm32.9-2020-q2-update.linux64_2.0.0.202105311346/tools/bin/../lib/gcc/arm-none-eabi/9.3.1/../../../../arm-none-eabi/lib/thumb/v6-m/nofp/libc_nano.a(lib_a-errno.o)
                              ./Core/Src/syscalls.o (__errno)
/opt/st/stm32cubeide_1.4.0/plugins/com.st.stm32cube.ide.mcu.externaltools.gnu-tools-for-stm32.9-2020-q2-update.linux64_2.0.0.202105311346/tools/bin/../lib/gcc/arm-none-eabi/9.3.1/../../../../arm-none-eabi/lib/thumb/v6-m/nofp/libc_nano.a(lib_a-exit.o)
                              /opt/st/stm32cubeide_1.4.0/plugins/com.st.stm32cube.ide.mcu.externaltools.gnu-tools-for-stm32.9-2020-q2-update.linux64_2.0.0.202105311346/tools/bin/../lib/gcc/arm-none-eabi/9.3.1/../../../../arm-none-eabi/lib/thumb/v6-m/nofp/crt0.o (exit)
/opt/st/stm32cubeide_1.4.0/plugins/com.st.stm32cube.ide.mcu.externaltools.gnu-tools-for-stm32.9-2020-q2-update.linux64_2.0.0.202105311346/tools/bin/../lib/gcc/arm-none-eabi/9.3.1/../../../../arm-none-eabi/lib/thumb/v6-m/nofp/libc_nano.a(lib_a-impure.o)
                              /opt/st/stm32cubeide_1.4.0/plugins/com.st.stm32cube.ide.mcu.externaltools.gnu-tools-for-stm32.9-2020-q2-update.linux64_2.0.0.202105311346/tools/bin/../lib/gcc/arm-none-eabi/9.3.1/../../../../arm-none-eabi/lib/thumb/v6-m/nofp/libc_nano.a(lib_a-exit.o) (_global_impure_ptr)
/opt/st/stm32cubeide_1.4.0/plugins/com.st.stm32cube.ide.mcu.externaltools.gnu-tools-for-stm32.9-2020-q2-update.linux64_2.0.0.202105311346/tools/bin/../lib/gcc/arm-none-eabi/9.3.1/../../../../arm-none-eabi/lib/thumb/v6-m/nofp/libc_nano.a(lib_a-init.o)
                              /opt/st/stm32cubeide_1.4.0/plugins/com.st.stm32cube.ide.mcu.externaltools.gnu-tools-for-stm32.9-2020-q2-update.linux64_2.0.0.202105311346/tools/bin/../lib/gcc/arm-none-eabi/9.3.1/../../../../arm-none-eabi/lib/thumb/v6-m/nofp/crt0.o (__libc_init_array)
/opt/st/stm32cubeide_1.4.0/plugins/com.st.stm32cube.ide.mcu.externaltools.gnu-tools-for-stm32.9-2020-q2-update.linux64_2.0.0.202105311346/tools/bin/../lib/gcc/arm-none-eabi/9.3.1/../../../../arm-none-eabi/lib/thumb/v6-m/nofp/libc_nano.a(lib_a-memset.o)
                              /opt/st/stm32cubeide_1.4.0/plugins/com.st.stm32cube.ide.mcu.externaltools.gnu-tools-for-stm32.9-2020-q2-update.linux64_2.0.0.202105311346/tools/bin/../lib/gcc/arm-none-eabi/9.3.1/../../../../arm-none-eabi/lib/thumb/v6-m/nofp/crt0.o (memset)
/opt/st/stm32cubeide_1.4.0/plugins/com.st.stm32cube.ide.mcu.externaltools.gnu-tools-for-stm32.9-2020-q2-update.linux64_2.0.0.202105311346/tools/bin/../lib/gcc/arm-none-eabi/9.3.1/thumb/v6-m/nofp/libgcc.a(_udivsi3.o)
                              ./Core/Src/system_stm32f0xx.o (__aeabi_uidiv)
/opt/st/stm32cubeide_1.4.0/plugins/com.st.stm32cube.ide.mcu.externaltools.gnu-tools-for-stm32.9-2020-q2-update.linux64_2.0.0.202105311346/tools/bin/../lib/gcc/arm-none-eabi/9.3.1/thumb/v6-m/nofp/libgcc.a(_dvmd_tls.o)
                              /opt/st/stm32cubeide_1.4.0/plugins/com.st.stm32cube.ide.mcu.externaltools.gnu-tools-for-stm32.9-2020-q2-update.linux64_2.0.0.202105311346/tools/bin/../lib/gcc/arm-none-eabi/9.3.1/thumb/v6-m/nofp/libgcc.a(_udivsi3.o) (__aeabi_idiv0)

Allocating common symbols
Common symbol       size              file

uwTick              0x4               ./Drivers/STM32F0xx_HAL_Driver/stm32f0xx_hal.o
pFlash              0x20              ./Drivers/STM32F0xx_HAL_Driver/stm32f0xx_hal_flash.o
htim3               0xb4              ./Core/Src/tim.o
hdma_tim3_ch4_up    0x44              ./Core/Src/tim.o
huart2              0x84              ./Core/Src/usart.o

Discarded input sections

 .text          0x0000000000000000        0x0 /opt/st/stm32cubeide_1.4.0/plugins/com.st.stm32cube.ide.mcu.externaltools.gnu-tools-for-stm32.9-2020-q2-update.linux64_2.0.0.202105311346/tools/bin/../lib/gcc/arm-none-eabi/9.3.1/thumb/v6-m/nofp/crti.o
 .data          0x0000000000000000        0x0 /opt/st/stm32cubeide_1.4.0/plugins/com.st.stm32cube.ide.mcu.externaltools.gnu-tools-for-stm32.9-2020-q2-update.linux64_2.0.0.202105311346/tools/bin/../lib/gcc/arm-none-eabi/9.3.1/thumb/v6-m/nofp/crti.o
 .bss           0x0000000000000000        0x0 /opt/st/stm32cubeide_1.4.0/plugins/com.st.stm32cube.ide.mcu.externaltools.gnu-tools-for-stm32.9-2020-q2-update.linux64_2.0.0.202105311346/tools/bin/../lib/gcc/arm-none-eabi/9.3.1/thumb/v6-m/nofp/crti.o
 .data          0x0000000000000000        0x4 /opt/st/stm32cubeide_1.4.0/plugins/com.st.stm32cube.ide.mcu.externaltools.gnu-tools-for-stm32.9-2020-q2-update.linux64_2.0.0.202105311346/tools/bin/../lib/gcc/arm-none-eabi/9.3.1/thumb/v6-m/nofp/crtbegin.o
 .text          0x0000000000000000       0x80 /opt/st/stm32cubeide_1.4.0/plugins/com.st.stm32cube.ide.mcu.externaltools.gnu-tools-for-stm32.9-2020-q2-update.linux64_2.0.0.202105311346/tools/bin/../lib/gcc/arm-none-eabi/9.3.1/../../../../arm-none-eabi/lib/thumb/v6-m/nofp/crt0.o
[...]
Memory Configuration

Name             Origin             Length             Attributes
RAM              0x0000000020000000 0x0000000000001800 xrw
FLASH            0x0000000008000000 0x0000000000008000 xr
*default*        0x0000000000000000 0xffffffffffffffff

Linker script and memory map

LOAD /opt/st/stm32cubeide_1.4.0/plugins/com.st.stm32cube.ide.mcu.externaltools.gnu-tools-for-stm32.9-2020-q2-update.linux64_2.0.0.202105311346/tools/bin/../lib/gcc/arm-none-eabi/9.3.1/thumb/v6-m/nofp/crti.o
LOAD /opt/st/stm32cubeide_1.4.0/plugins/com.st.stm32cube.ide.mcu.externaltools.gnu-tools-for-stm32.9-2020-q2-update.linux64_2.0.0.202105311346/tools/bin/../lib/gcc/arm-none-eabi/9.3.1/thumb/v6-m/nofp/crtbegin.o
LOAD /opt/st/stm32cubeide_1.4.0/plugins/com.st.stm32cube.ide.mcu.externaltools.gnu-tools-for-stm32.9-2020-q2-update.linux64_2.0.0.202105311346/tools/bin/../lib/gcc/arm-none-eabi/9.3.1/../../../../arm-none-eabi/lib/thumb/v6-m/nofp/crt0.o
LOAD ./Core/Src/dma.o
LOAD ./Core/Src/gpio.o
LOAD ./Core/Src/main.o
LOAD ./Core/Src/stm32f0xx_hal_msp.o
LOAD ./Core/Src/stm32f0xx_it.o
LOAD ./Core/Src/syscalls.o
LOAD ./Core/Src/sysmem.o
LOAD ./Core/Src/system_stm32f0xx.o
LOAD ./Core/Src/tim.o
LOAD ./Core/Src/usart.o
LOAD ./Core/Startup/startup_stm32f042k6tx.o
LOAD ./Drivers/STM32F0xx_HAL_Driver/stm32f0xx_hal.o
LOAD ./Drivers/STM32F0xx_HAL_Driver/stm32f0xx_hal_cortex.o
LOAD ./Drivers/STM32F0xx_HAL_Driver/stm32f0xx_hal_dma.o
LOAD ./Drivers/STM32F0xx_HAL_Driver/stm32f0xx_hal_exti.o
LOAD ./Drivers/STM32F0xx_HAL_Driver/stm32f0xx_hal_flash.o
LOAD ./Drivers/STM32F0xx_HAL_Driver/stm32f0xx_hal_flash_ex.o
LOAD ./Drivers/STM32F0xx_HAL_Driver/stm32f0xx_hal_gpio.o
LOAD ./Drivers/STM32F0xx_HAL_Driver/stm32f0xx_hal_i2c.o
LOAD ./Drivers/STM32F0xx_HAL_Driver/stm32f0xx_hal_i2c_ex.o
LOAD ./Drivers/STM32F0xx_HAL_Driver/stm32f0xx_hal_pwr.o
LOAD ./Drivers/STM32F0xx_HAL_Driver/stm32f0xx_hal_pwr_ex.o
LOAD ./Drivers/STM32F0xx_HAL_Driver/stm32f0xx_hal_rcc.o
LOAD ./Drivers/STM32F0xx_HAL_Driver/stm32f0xx_hal_rcc_ex.o
LOAD ./Drivers/STM32F0xx_HAL_Driver/stm32f0xx_hal_tim.o
LOAD ./Drivers/STM32F0xx_HAL_Driver/stm32f0xx_hal_tim_ex.o
LOAD ./Drivers/STM32F0xx_HAL_Driver/stm32f0xx_hal_uart.o
LOAD ./Drivers/STM32F0xx_HAL_Driver/stm32f0xx_hal_uart_ex.o
LOAD ./test/test.o
LOAD ./ws2812b/ws2812b_base.o
START GROUP
LOAD /opt/st/stm32cubeide_1.4.0/plugins/com.st.stm32cube.ide.mcu.externaltools.gnu-tools-for-stm32.9-2020-q2-update.linux64_2.0.0.202105311346/tools/bin/../lib/gcc/arm-none-eabi/9.3.1/../../../../arm-none-eabi/lib/thumb/v6-m/nofp/libc_nano.a
LOAD /opt/st/stm32cubeide_1.4.0/plugins/com.st.stm32cube.ide.mcu.externaltools.gnu-tools-for-stm32.9-2020-q2-update.linux64_2.0.0.202105311346/tools/bin/../lib/gcc/arm-none-eabi/9.3.1/../../../../arm-none-eabi/lib/thumb/v6-m/nofp/libm.a
END GROUP
START GROUP
LOAD /opt/st/stm32cubeide_1.4.0/plugins/com.st.stm32cube.ide.mcu.externaltools.gnu-tools-for-stm32.9-2020-q2-update.linux64_2.0.0.202105311346/tools/bin/../lib/gcc/arm-none-eabi/9.3.1/thumb/v6-m/nofp/libgcc.a
LOAD /opt/st/stm32cubeide_1.4.0/plugins/com.st.stm32cube.ide.mcu.externaltools.gnu-tools-for-stm32.9-2020-q2-update.linux64_2.0.0.202105311346/tools/bin/../lib/gcc/arm-none-eabi/9.3.1/../../../../arm-none-eabi/lib/thumb/v6-m/nofp/libc_nano.a
END GROUP
START GROUP
LOAD /opt/st/stm32cubeide_1.4.0/plugins/com.st.stm32cube.ide.mcu.externaltools.gnu-tools-for-stm32.9-2020-q2-update.linux64_2.0.0.202105311346/tools/bin/../lib/gcc/arm-none-eabi/9.3.1/thumb/v6-m/nofp/libgcc.a
LOAD /opt/st/stm32cubeide_1.4.0/plugins/com.st.stm32cube.ide.mcu.externaltools.gnu-tools-for-stm32.9-2020-q2-update.linux64_2.0.0.202105311346/tools/bin/../lib/gcc/arm-none-eabi/9.3.1/../../../../arm-none-eabi/lib/thumb/v6-m/nofp/libc_nano.a
LOAD /opt/st/stm32cubeide_1.4.0/plugins/com.st.stm32cube.ide.mcu.externaltools.gnu-tools-for-stm32.9-2020-q2-update.linux64_2.0.0.202105311346/tools/bin/../lib/gcc/arm-none-eabi/9.3.1/../../../../arm-none-eabi/lib/thumb/v6-m/nofp/libnosys.a
END GROUP
START GROUP
LOAD /opt/st/stm32cubeide_1.4.0/plugins/com.st.stm32cube.ide.mcu.externaltools.gnu-tools-for-stm32.9-2020-q2-update.linux64_2.0.0.202105311346/tools/bin/../lib/gcc/arm-none-eabi/9.3.1/thumb/v6-m/nofp/libgcc.a
LOAD /opt/st/stm32cubeide_1.4.0/plugins/com.st.stm32cube.ide.mcu.externaltools.gnu-tools-for-stm32.9-2020-q2-update.linux64_2.0.0.202105311346/tools/bin/../lib/gcc/arm-none-eabi/9.3.1/../../../../arm-none-eabi/lib/thumb/v6-m/nofp/libc_nano.a
LOAD /opt/st/stm32cubeide_1.4.0/plugins/com.st.stm32cube.ide.mcu.externaltools.gnu-tools-for-stm32.9-2020-q2-update.linux64_2.0.0.202105311346/tools/bin/../lib/gcc/arm-none-eabi/9.3.1/../../../../arm-none-eabi/lib/thumb/v6-m/nofp/libnosys.a
END GROUP
LOAD /opt/st/stm32cubeide_1.4.0/plugins/com.st.stm32cube.ide.mcu.externaltools.gnu-tools-for-stm32.9-2020-q2-update.linux64_2.0.0.202105311346/tools/bin/../lib/gcc/arm-none-eabi/9.3.1/thumb/v6-m/nofp/crtend.o
LOAD /opt/st/stm32cubeide_1.4.0/plugins/com.st.stm32cube.ide.mcu.externaltools.gnu-tools-for-stm32.9-2020-q2-update.linux64_2.0.0.202105311346/tools/bin/../lib/gcc/arm-none-eabi/9.3.1/thumb/v6-m/nofp/crtn.o
                0x0000000020001800                _estack = (ORIGIN (RAM) + LENGTH (RAM))
                0x0000000000000200                _Min_Heap_Size = 0x200
                0x0000000000000400                _Min_Stack_Size = 0x400

.isr_vector     0x0000000008000000       0xc0
                0x0000000008000000                . = ALIGN (0x4)
 *(.isr_vector)
 .isr_vector    0x0000000008000000       0xc0 ./Core/Startup/startup_stm32f042k6tx.o
                0x0000000008000000                g_pfnVectors
                0x00000000080000c0                . = ALIGN (0x4)

.text           0x00000000080000c0     0x3b20
                0x00000000080000c0                . = ALIGN (0x4)
 *(.text)
 .text          0x00000000080000c0       0x48 /opt/st/stm32cubeide_1.4.0/plugins/com.st.stm32cube.ide.mcu.externaltools.gnu-tools-for-stm32.9-2020-q2-update.linux64_2.0.0.202105311346/tools/bin/../lib/gcc/arm-none-eabi/9.3.1/thumb/v6-m/nofp/crtbegin.o
 .text          0x0000000008000108      0x114 /opt/st/stm32cubeide_1.4.0/plugins/com.st.stm32cube.ide.mcu.externaltools.gnu-tools-for-stm32.9-2020-q2-update.linux64_2.0.0.202105311346/tools/bin/../lib/gcc/arm-none-eabi/9.3.1/thumb/v6-m/nofp/libgcc.a(_udivsi3.o)
                0x0000000008000108                __udivsi3
                0x0000000008000108                __aeabi_uidiv
                0x0000000008000214                __aeabi_uidivmod
 .text          0x000000000800021c        0x4 /opt/st/stm32cubeide_1.4.0/plugins/com.st.stm32cube.ide.mcu.externaltools.gnu-tools-for-stm32.9-2020-q2-update.linux64_2.0.0.202105311346/tools/bin/../lib/gcc/arm-none-eabi/9.3.1/thumb/v6-m/nofp/libgcc.a(_dvmd_tls.o)
                0x000000000800021c                __aeabi_ldiv0
                0x000000000800021c                __aeabi_idiv0
 *(.text*)
 .text.MX_DMA_Init
                0x0000000008000220       0x3c ./Core/Src/dma.o
                0x0000000008000220                MX_DMA_Init
 .text.MX_GPIO_Init
                0x000000000800025c       0x68 ./Core/Src/gpio.o
                0x000000000800025c                MX_GPIO_Init
 .text.main     0x00000000080002c4       0x2a ./Core/Src/main.o
                0x00000000080002c4                main
 .text.SystemClock_Config
                0x00000000080002ee       0x78 ./Core/Src/main.o
                0x00000000080002ee                SystemClock_Config
 .text.Error_Handler
                0x0000000008000366        0xa ./Core/Src/main.o
                0x0000000008000366                Error_Handler
 .text.HAL_MspInit
                0x0000000008000370       0x48 ./Core/Src/stm32f0xx_hal_msp.o
                0x0000000008000370                HAL_MspInit
 .text.NMI_Handler
                0x00000000080003b8        0x6 ./Core/Src/stm32f0xx_it.o
                0x00000000080003b8                NMI_Handler
 .text.HardFault_Handler
                0x00000000080003be        0x6 ./Core/Src/stm32f0xx_it.o
                0x00000000080003be                HardFault_Handler
 .text.SVC_Handler
                0x00000000080003c4        0xa ./Core/Src/stm32f0xx_it.o
                0x00000000080003c4                SVC_Handler
 .text.PendSV_Handler
                0x00000000080003ce        0xa ./Core/Src/stm32f0xx_it.o
                0x00000000080003ce                PendSV_Handler
 .text.SysTick_Handler
                0x00000000080003d8        0xe ./Core/Src/stm32f0xx_it.o
                0x00000000080003d8                SysTick_Handler
 *fill*         0x00000000080003e6        0x2 
 .text.DMA1_Channel2_3_IRQHandler
                0x00000000080003e8       0x18 ./Core/Src/stm32f0xx_it.o
                0x00000000080003e8                DMA1_Channel2_3_IRQHandler
 .text.SystemInit
                0x0000000008000400        0xa ./Core/Src/system_stm32f0xx.o
                0x0000000008000400                SystemInit
 *fill*         0x000000000800040a        0x2 
 .text.MX_TIM3_Init
                0x000000000800040c       0xc0 ./Core/Src/tim.o
                0x000000000800040c                MX_TIM3_Init
 .text.HAL_TIM_PWM_MspInit
                0x00000000080004cc       0xac ./Core/Src/tim.o
                0x00000000080004cc                HAL_TIM_PWM_MspInit
 .text.HAL_TIM_MspPostInit
                0x0000000008000578       0x80 ./Core/Src/tim.o
                0x0000000008000578                HAL_TIM_MspPostInit
 .text.MX_USART2_UART_Init
                0x00000000080005f8       0x60 ./Core/Src/usart.o
                0x00000000080005f8                MX_USART2_UART_Init
 .text.HAL_UART_MspInit
                0x0000000008000658       0x9c ./Core/Src/usart.o
                0x0000000008000658                HAL_UART_MspInit
 .text.Reset_Handler
                0x00000000080006f4       0x80 ./Core/Startup/startup_stm32f042k6tx.o
                0x00000000080006f4                Reset_Handler
 .text.Default_Handler
                0x0000000008000774        0x2 ./Core/Startup/startup_stm32f042k6tx.o
                0x0000000008000774                TIM1_CC_IRQHandler
                0x0000000008000774                TSC_IRQHandler
                0x0000000008000774                I2C1_IRQHandler
                0x0000000008000774                RCC_CRS_IRQHandler
                0x0000000008000774                SPI1_IRQHandler
                0x0000000008000774                EXTI2_3_IRQHandler
                0x0000000008000774                ADC1_IRQHandler
                0x0000000008000774                TIM17_IRQHandler
                0x0000000008000774                CEC_CAN_IRQHandler
                0x0000000008000774                RTC_IRQHandler
                0x0000000008000774                PVD_VDDIO2_IRQHandler
                0x0000000008000774                TIM16_IRQHandler
                0x0000000008000774                TIM3_IRQHandler
                0x0000000008000774                EXTI4_15_IRQHandler
                0x0000000008000774                DMA1_Channel1_IRQHandler
                0x0000000008000774                Default_Handler
                0x0000000008000774                TIM14_IRQHandler
                0x0000000008000774                DMA1_Channel4_5_IRQHandler
                0x0000000008000774                EXTI0_1_IRQHandler
                0x0000000008000774                USB_IRQHandler
                0x0000000008000774                SPI2_IRQHandler
                0x0000000008000774                WWDG_IRQHandler
                0x0000000008000774                TIM2_IRQHandler
                0x0000000008000774                USART2_IRQHandler
                0x0000000008000774                FLASH_IRQHandler
                0x0000000008000774                USART1_IRQHandler
                0x0000000008000774                TIM1_BRK_UP_TRG_COM_IRQHandler
 *fill*         0x0000000008000776        0x2 
 .text.HAL_Init
                0x0000000008000778       0x28 ./Drivers/STM32F0xx_HAL_Driver/stm32f0xx_hal.o
                0x0000000008000778                HAL_Init
 .text.HAL_InitTick
                0x00000000080007a0       0x68 ./Drivers/STM32F0xx_HAL_Driver/stm32f0xx_hal.o
                0x00000000080007a0                HAL_InitTick
 .text.HAL_IncTick
                0x0000000008000808       0x24 ./Drivers/STM32F0xx_HAL_Driver/stm32f0xx_hal.o
                0x0000000008000808                HAL_IncTick
 .text.HAL_GetTick
                0x000000000800082c       0x14 ./Drivers/STM32F0xx_HAL_Driver/stm32f0xx_hal.o
                0x000000000800082c                HAL_GetTick
 .text.__NVIC_EnableIRQ
                0x0000000008000840       0x34 ./Drivers/STM32F0xx_HAL_Driver/stm32f0xx_hal_cortex.o
 .text.__NVIC_SetPriority
                0x0000000008000874       0xdc ./Drivers/STM32F0xx_HAL_Driver/stm32f0xx_hal_cortex.o
 .text.SysTick_Config
                0x0000000008000950       0x48 ./Drivers/STM32F0xx_HAL_Driver/stm32f0xx_hal_cortex.o
 .text.HAL_NVIC_SetPriority
                0x0000000008000998       0x2a ./Drivers/STM32F0xx_HAL_Driver/stm32f0xx_hal_cortex.o
                0x0000000008000998                HAL_NVIC_SetPriority
 .text.HAL_NVIC_EnableIRQ
                0x00000000080009c2       0x20 ./Drivers/STM32F0xx_HAL_Driver/stm32f0xx_hal_cortex.o
                0x00000000080009c2                HAL_NVIC_EnableIRQ
 .text.HAL_SYSTICK_Config
                0x00000000080009e2       0x1a ./Drivers/STM32F0xx_HAL_Driver/stm32f0xx_hal_cortex.o
                0x00000000080009e2                HAL_SYSTICK_Config
 .text.HAL_DMA_Init
                0x00000000080009fc       0x90 ./Drivers/STM32F0xx_HAL_Driver/stm32f0xx_hal_dma.o
                0x00000000080009fc                HAL_DMA_Init
 .text.HAL_DMA_Start_IT
                0x0000000008000a8c       0xcc ./Drivers/STM32F0xx_HAL_Driver/stm32f0xx_hal_dma.o
                0x0000000008000a8c                HAL_DMA_Start_IT
 .text.HAL_DMA_Abort_IT
                0x0000000008000b58       0x8a ./Drivers/STM32F0xx_HAL_Driver/stm32f0xx_hal_dma.o
                0x0000000008000b58                HAL_DMA_Abort_IT
 .text.HAL_DMA_IRQHandler
                0x0000000008000be2      0x144 ./Drivers/STM32F0xx_HAL_Driver/stm32f0xx_hal_dma.o
                0x0000000008000be2                HAL_DMA_IRQHandler
 .text.DMA_SetConfig
                0x0000000008000d26       0x58 ./Drivers/STM32F0xx_HAL_Driver/stm32f0xx_hal_dma.o
 *fill*         0x0000000008000d7e        0x2 
 .text.DMA_CalcBaseAndBitshift
                0x0000000008000d80       0x38 ./Drivers/STM32F0xx_HAL_Driver/stm32f0xx_hal_dma.o
 .text.HAL_GPIO_Init
                0x0000000008000db8      0x2d0 ./Drivers/STM32F0xx_HAL_Driver/stm32f0xx_hal_gpio.o
                0x0000000008000db8                HAL_GPIO_Init
 .text.HAL_RCC_OscConfig
                0x0000000008001088      0x70c ./Drivers/STM32F0xx_HAL_Driver/stm32f0xx_hal_rcc.o
                0x0000000008001088                HAL_RCC_OscConfig
 .text.HAL_RCC_ClockConfig
                0x0000000008001794      0x1b4 ./Drivers/STM32F0xx_HAL_Driver/stm32f0xx_hal_rcc.o
                0x0000000008001794                HAL_RCC_ClockConfig
 .text.HAL_RCC_GetSysClockFreq
                0x0000000008001948      0x100 ./Drivers/STM32F0xx_HAL_Driver/stm32f0xx_hal_rcc.o
                0x0000000008001948                HAL_RCC_GetSysClockFreq
 .text.HAL_RCC_GetHCLKFreq
                0x0000000008001a48       0x14 ./Drivers/STM32F0xx_HAL_Driver/stm32f0xx_hal_rcc.o
                0x0000000008001a48                HAL_RCC_GetHCLKFreq
 .text.HAL_RCC_GetPCLK1Freq
                0x0000000008001a5c       0x2c ./Drivers/STM32F0xx_HAL_Driver/stm32f0xx_hal_rcc.o
                0x0000000008001a5c                HAL_RCC_GetPCLK1Freq
 .text.HAL_TIM_PWM_Init
                0x0000000008001a88       0xbc ./Drivers/STM32F0xx_HAL_Driver/stm32f0xx_hal_tim.o
                0x0000000008001a88                HAL_TIM_PWM_Init
 .text.HAL_TIM_PWM_Start_DMA
                0x0000000008001b44      0x354 ./Drivers/STM32F0xx_HAL_Driver/stm32f0xx_hal_tim.o
                0x0000000008001b44                HAL_TIM_PWM_Start_DMA
 .text.HAL_TIM_PWM_Stop_DMA
                0x0000000008001e98      0x1b0 ./Drivers/STM32F0xx_HAL_Driver/stm32f0xx_hal_tim.o
                0x0000000008001e98                HAL_TIM_PWM_Stop_DMA
 .text.HAL_TIM_PWM_ConfigChannel
                0x0000000008002048      0x18c ./Drivers/STM32F0xx_HAL_Driver/stm32f0xx_hal_tim.o
                0x0000000008002048                HAL_TIM_PWM_ConfigChannel
 .text.HAL_TIM_PeriodElapsedCallback
                0x00000000080021d4       0x10 ./Drivers/STM32F0xx_HAL_Driver/stm32f0xx_hal_tim.o
                0x00000000080021d4                HAL_TIM_PeriodElapsedCallback
 .text.HAL_TIM_PeriodElapsedHalfCpltCallback
                0x00000000080021e4       0x10 ./Drivers/STM32F0xx_HAL_Driver/stm32f0xx_hal_tim.o
                0x00000000080021e4                HAL_TIM_PeriodElapsedHalfCpltCallback
 .text.HAL_TIM_OC_DelayElapsedCallback
                0x00000000080021f4       0x10 ./Drivers/STM32F0xx_HAL_Driver/stm32f0xx_hal_tim.o
                0x00000000080021f4                HAL_TIM_OC_DelayElapsedCallback
 .text.HAL_TIM_IC_CaptureCallback
                0x0000000008002204       0x10 ./Drivers/STM32F0xx_HAL_Driver/stm32f0xx_hal_tim.o
                0x0000000008002204                HAL_TIM_IC_CaptureCallback
 .text.HAL_TIM_IC_CaptureHalfCpltCallback
                0x0000000008002214       0x10 ./Drivers/STM32F0xx_HAL_Driver/stm32f0xx_hal_tim.o
                0x0000000008002214                HAL_TIM_IC_CaptureHalfCpltCallback
 .text.HAL_TIM_TriggerCallback
                0x0000000008002224       0x10 ./Drivers/STM32F0xx_HAL_Driver/stm32f0xx_hal_tim.o
                0x0000000008002224                HAL_TIM_TriggerCallback
 .text.HAL_TIM_TriggerHalfCpltCallback
                0x0000000008002234       0x10 ./Drivers/STM32F0xx_HAL_Driver/stm32f0xx_hal_tim.o
                0x0000000008002234                HAL_TIM_TriggerHalfCpltCallback
 .text.HAL_TIM_ErrorCallback
                0x0000000008002244       0x10 ./Drivers/STM32F0xx_HAL_Driver/stm32f0xx_hal_tim.o
                0x0000000008002244                HAL_TIM_ErrorCallback
 .text.TIM_DMAError
                0x0000000008002254       0x98 ./Drivers/STM32F0xx_HAL_Driver/stm32f0xx_hal_tim.o
                0x0000000008002254                TIM_DMAError
 .text.TIM_DMADelayPulseCplt
                0x00000000080022ec       0xae ./Drivers/STM32F0xx_HAL_Driver/stm32f0xx_hal_tim.o
 .text.TIM_DMADelayPulseHalfCplt
                0x000000000800239a       0x6e ./Drivers/STM32F0xx_HAL_Driver/stm32f0xx_hal_tim.o
                0x000000000800239a                TIM_DMADelayPulseHalfCplt
 .text.TIM_Base_SetConfig
                0x0000000008002408       0xec ./Drivers/STM32F0xx_HAL_Driver/stm32f0xx_hal_tim.o
                0x0000000008002408                TIM_Base_SetConfig
 .text.TIM_OC1_SetConfig
                0x00000000080024f4       0xfc ./Drivers/STM32F0xx_HAL_Driver/stm32f0xx_hal_tim.o
 .text.TIM_OC2_SetConfig
                0x00000000080025f0       0xfc ./Drivers/STM32F0xx_HAL_Driver/stm32f0xx_hal_tim.o
                0x00000000080025f0                TIM_OC2_SetConfig
 .text.TIM_OC3_SetConfig
                0x00000000080026ec      0x100 ./Drivers/STM32F0xx_HAL_Driver/stm32f0xx_hal_tim.o
 .text.TIM_OC4_SetConfig
                0x00000000080027ec       0xc8 ./Drivers/STM32F0xx_HAL_Driver/stm32f0xx_hal_tim.o
 .text.TIM_CCxChannelCmd
                0x00000000080028b4       0x46 ./Drivers/STM32F0xx_HAL_Driver/stm32f0xx_hal_tim.o
                0x00000000080028b4                TIM_CCxChannelCmd
 *fill*         0x00000000080028fa        0x2 
 .text.TIM_ResetCallback
                0x00000000080028fc       0xac ./Drivers/STM32F0xx_HAL_Driver/stm32f0xx_hal_tim.o
                0x00000000080028fc                TIM_ResetCallback
 .text.HAL_TIMEx_MasterConfigSynchronization
                0x00000000080029a8       0xb0 ./Drivers/STM32F0xx_HAL_Driver/stm32f0xx_hal_tim_ex.o
                0x00000000080029a8                HAL_TIMEx_MasterConfigSynchronization
 .text.HAL_TIMEx_CommutCallback
                0x0000000008002a58       0x10 ./Drivers/STM32F0xx_HAL_Driver/stm32f0xx_hal_tim_ex.o
                0x0000000008002a58                HAL_TIMEx_CommutCallback
 .text.HAL_TIMEx_CommutHalfCpltCallback
                0x0000000008002a68       0x10 ./Drivers/STM32F0xx_HAL_Driver/stm32f0xx_hal_tim_ex.o
                0x0000000008002a68                HAL_TIMEx_CommutHalfCpltCallback
 .text.HAL_TIMEx_BreakCallback
                0x0000000008002a78       0x10 ./Drivers/STM32F0xx_HAL_Driver/stm32f0xx_hal_tim_ex.o
                0x0000000008002a78                HAL_TIMEx_BreakCallback
 .text.HAL_UART_Init
                0x0000000008002a88       0xa8 ./Drivers/STM32F0xx_HAL_Driver/stm32f0xx_hal_uart.o
                0x0000000008002a88                HAL_UART_Init
 .text.UART_SetConfig
                0x0000000008002b30      0x280 ./Drivers/STM32F0xx_HAL_Driver/stm32f0xx_hal_uart.o
                0x0000000008002b30                UART_SetConfig
 .text.UART_AdvFeatureConfig
                0x0000000008002db0      0x168 ./Drivers/STM32F0xx_HAL_Driver/stm32f0xx_hal_uart.o
                0x0000000008002db0                UART_AdvFeatureConfig
 .text.UART_CheckIdleState
                0x0000000008002f18       0x90 ./Drivers/STM32F0xx_HAL_Driver/stm32f0xx_hal_uart.o
                0x0000000008002f18                UART_CheckIdleState
 .text.UART_WaitOnFlagUntilTimeout
                0x0000000008002fa8      0x188 ./Drivers/STM32F0xx_HAL_Driver/stm32f0xx_hal_uart.o
                0x0000000008002fa8                UART_WaitOnFlagUntilTimeout
 .text.test_main
                0x0000000008003130       0x2c ./test/test.o
                0x0000000008003130                test_main
 .text.ws2812b_init
                0x000000000800315c        0xa ./ws2812b/ws2812b_base.o
                0x000000000800315c                ws2812b_init
 .text.ws2812b_main
                0x0000000008003166        0xa ./ws2812b/ws2812b_base.o
                0x0000000008003166                ws2812b_main
 .text.ws2812b_transferFrame
                0x0000000008003170       0x5c ./ws2812b/ws2812b_base.o
                0x0000000008003170                ws2812b_transferFrame
 .text.HAL_TIM_PWM_PulseFinishedCallback
                0x00000000080031cc       0x20 ./ws2812b/ws2812b_base.o
                0x00000000080031cc                HAL_TIM_PWM_PulseFinishedCallback
 .text.HAL_TIM_PWM_PulseFinishedHalfCpltCallback
                0x00000000080031ec       0x20 ./ws2812b/ws2812b_base.o
                0x00000000080031ec                HAL_TIM_PWM_PulseFinishedHalfCpltCallback
 .text.fillTheFirstHalfOfBuffer
                0x000000000800320c      0x488 ./ws2812b/ws2812b_base.o
 .text.fillTheSecondHalfOfBuffer
                0x0000000008003694      0x4dc ./ws2812b/ws2812b_base.o
 .text.__libc_init_array
                0x0000000008003b70       0x48 /opt/st/stm32cubeide_1.4.0/plugins/com.st.stm32cube.ide.mcu.externaltools.gnu-tools-for-stm32.9-2020-q2-update.linux64_2.0.0.202105311346/tools/bin/../lib/gcc/arm-none-eabi/9.3.1/../../../../arm-none-eabi/lib/thumb/v6-m/nofp/libc_nano.a(lib_a-init.o)
                0x0000000008003b70                __libc_init_array
 .text.memset   0x0000000008003bb8       0x10 /opt/st/stm32cubeide_1.4.0/plugins/com.st.stm32cube.ide.mcu.externaltools.gnu-tools-for-stm32.9-2020-q2-update.linux64_2.0.0.202105311346/tools/bin/../lib/gcc/arm-none-eabi/9.3.1/../../../../arm-none-eabi/lib/thumb/v6-m/nofp/libc_nano.a(lib_a-memset.o)
                0x0000000008003bb8                memset
 *(.glue_7)
 .glue_7        0x0000000008003bc8        0x0 linker stubs
 *(.glue_7t)
 .glue_7t       0x0000000008003bc8        0x0 linker stubs
 *(.eh_frame)
 .eh_frame      0x0000000008003bc8        0x0 /opt/st/stm32cubeide_1.4.0/plugins/com.st.stm32cube.ide.mcu.externaltools.gnu-tools-for-stm32.9-2020-q2-update.linux64_2.0.0.202105311346/tools/bin/../lib/gcc/arm-none-eabi/9.3.1/thumb/v6-m/nofp/crtbegin.o
 *(.init)
 .init          0x0000000008003bc8        0x4 /opt/st/stm32cubeide_1.4.0/plugins/com.st.stm32cube.ide.mcu.externaltools.gnu-tools-for-stm32.9-2020-q2-update.linux64_2.0.0.202105311346/tools/bin/../lib/gcc/arm-none-eabi/9.3.1/thumb/v6-m/nofp/crti.o
                0x0000000008003bc8                _init
 .init          0x0000000008003bcc        0x8 /opt/st/stm32cubeide_1.4.0/plugins/com.st.stm32cube.ide.mcu.externaltools.gnu-tools-for-stm32.9-2020-q2-update.linux64_2.0.0.202105311346/tools/bin/../lib/gcc/arm-none-eabi/9.3.1/thumb/v6-m/nofp/crtn.o
 *(.fini)
 .fini          0x0000000008003bd4        0x4 /opt/st/stm32cubeide_1.4.0/plugins/com.st.stm32cube.ide.mcu.externaltools.gnu-tools-for-stm32.9-2020-q2-update.linux64_2.0.0.202105311346/tools/bin/../lib/gcc/arm-none-eabi/9.3.1/thumb/v6-m/nofp/crti.o
                0x0000000008003bd4                _fini
 .fini          0x0000000008003bd8        0x8 /opt/st/stm32cubeide_1.4.0/plugins/com.st.stm32cube.ide.mcu.externaltools.gnu-tools-for-stm32.9-2020-q2-update.linux64_2.0.0.202105311346/tools/bin/../lib/gcc/arm-none-eabi/9.3.1/thumb/v6-m/nofp/crtn.o
                0x0000000008003be0                . = ALIGN (0x4)
                0x0000000008003be0                _etext = .

.vfp11_veneer   0x0000000008003be0        0x0
 .vfp11_veneer  0x0000000008003be0        0x0 linker stubs

.v4_bx          0x0000000008003be0        0x0
 .v4_bx         0x0000000008003be0        0x0 linker stubs

.iplt           0x0000000008003be0        0x0
 .iplt          0x0000000008003be0        0x0 /opt/st/stm32cubeide_1.4.0/plugins/com.st.stm32cube.ide.mcu.externaltools.gnu-tools-for-stm32.9-2020-q2-update.linux64_2.0.0.202105311346/tools/bin/../lib/gcc/arm-none-eabi/9.3.1/thumb/v6-m/nofp/crtbegin.o

.rodata         0x0000000008003be0       0x38
                0x0000000008003be0                . = ALIGN (0x4)
 *(.rodata)
 .rodata        0x0000000008003be0       0x20 ./Drivers/STM32F0xx_HAL_Driver/stm32f0xx_hal_rcc.o
 *(.rodata*)
 .rodata.AHBPrescTable
                0x0000000008003c00       0x10 ./Core/Src/system_stm32f0xx.o
                0x0000000008003c00                AHBPrescTable
 .rodata.APBPrescTable
                0x0000000008003c10        0x8 ./Core/Src/system_stm32f0xx.o
                0x0000000008003c10                APBPrescTable
                0x0000000008003c18                . = ALIGN (0x4)

.rel.dyn        0x0000000008003c18        0x0
 .rel.iplt      0x0000000008003c18        0x0 /opt/st/stm32cubeide_1.4.0/plugins/com.st.stm32cube.ide.mcu.externaltools.gnu-tools-for-stm32.9-2020-q2-update.linux64_2.0.0.202105311346/tools/bin/../lib/gcc/arm-none-eabi/9.3.1/thumb/v6-m/nofp/crtbegin.o

.ARM.extab      0x0000000008003c18        0x0
                0x0000000008003c18                . = ALIGN (0x4)
 *(.ARM.extab* .gnu.linkonce.armextab.*)
                0x0000000008003c18                . = ALIGN (0x4)

.ARM            0x0000000008003c18        0x0
                0x0000000008003c18                . = ALIGN (0x4)
                0x0000000008003c18                __exidx_start = .
 *(.ARM.exidx*)
                0x0000000008003c18                __exidx_end = .
                0x0000000008003c18                . = ALIGN (0x4)

.preinit_array  0x0000000008003c18        0x0
                0x0000000008003c18                . = ALIGN (0x4)
                0x0000000008003c18                PROVIDE (__preinit_array_start = .)
 *(.preinit_array*)
                0x0000000008003c18                PROVIDE (__preinit_array_end = .)
                0x0000000008003c18                . = ALIGN (0x4)

.init_array     0x0000000008003c18        0x4
                0x0000000008003c18                . = ALIGN (0x4)
                0x0000000008003c18                PROVIDE (__init_array_start = .)
 *(SORT_BY_NAME(.init_array.*))
 *(.init_array*)
 .init_array    0x0000000008003c18        0x4 /opt/st/stm32cubeide_1.4.0/plugins/com.st.stm32cube.ide.mcu.externaltools.gnu-tools-for-stm32.9-2020-q2-update.linux64_2.0.0.202105311346/tools/bin/../lib/gcc/arm-none-eabi/9.3.1/thumb/v6-m/nofp/crtbegin.o
                0x0000000008003c1c                PROVIDE (__init_array_end = .)
                0x0000000008003c1c                . = ALIGN (0x4)

.fini_array     0x0000000008003c1c        0x4
                0x0000000008003c1c                . = ALIGN (0x4)
                [!provide]                        PROVIDE (__fini_array_start = .)
 *(SORT_BY_NAME(.fini_array.*))
 *(.fini_array*)
 .fini_array    0x0000000008003c1c        0x4 /opt/st/stm32cubeide_1.4.0/plugins/com.st.stm32cube.ide.mcu.externaltools.gnu-tools-for-stm32.9-2020-q2-update.linux64_2.0.0.202105311346/tools/bin/../lib/gcc/arm-none-eabi/9.3.1/thumb/v6-m/nofp/crtbegin.o
                [!provide]                        PROVIDE (__fini_array_end = .)
                0x0000000008003c20                . = ALIGN (0x4)
                0x0000000008003c20                _sidata = LOADADDR (.data)

.data           0x0000000020000000       0x20 load address 0x0000000008003c20
                0x0000000020000000                . = ALIGN (0x4)
                0x0000000020000000                _sdata = .
 *(.data)
 *(.data*)
 .data.SystemCoreClock
                0x0000000020000000        0x4 ./Core/Src/system_stm32f0xx.o
                0x0000000020000000                SystemCoreClock
 .data.uwTickPrio
                0x0000000020000004        0x4 ./Drivers/STM32F0xx_HAL_Driver/stm32f0xx_hal.o
                0x0000000020000004                uwTickPrio
 .data.uwTickFreq
                0x0000000020000008        0x1 ./Drivers/STM32F0xx_HAL_Driver/stm32f0xx_hal.o
                0x0000000020000008                uwTickFreq
 *fill*         0x0000000020000009        0x3 
 .data.LedFrame
                0x000000002000000c       0x12 ./test/test.o
 .data.mg_numOfRepeats
                0x000000002000001e        0x2 ./ws2812b/ws2812b_base.o
 *(.RamFunc)
 *(.RamFunc*)
                0x0000000020000020                . = ALIGN (0x4)
                0x0000000020000020                _edata = .

.igot.plt       0x0000000020000020        0x0 load address 0x0000000008003c40
 .igot.plt      0x0000000020000020        0x0 /opt/st/stm32cubeide_1.4.0/plugins/com.st.stm32cube.ide.mcu.externaltools.gnu-tools-for-stm32.9-2020-q2-update.linux64_2.0.0.202105311346/tools/bin/../lib/gcc/arm-none-eabi/9.3.1/thumb/v6-m/nofp/crtbegin.o
                0x0000000020000020                . = ALIGN (0x4)

.bss            0x0000000020000020      0x1dc load address 0x0000000008003c40
                0x0000000020000020                _sbss = .
                0x0000000020000020                __bss_start__ = _sbss
 *(.bss)
 .bss           0x0000000020000020       0x1c /opt/st/stm32cubeide_1.4.0/plugins/com.st.stm32cube.ide.mcu.externaltools.gnu-tools-for-stm32.9-2020-q2-update.linux64_2.0.0.202105311346/tools/bin/../lib/gcc/arm-none-eabi/9.3.1/thumb/v6-m/nofp/crtbegin.o
 *(.bss*)
 .bss.transferNewFrame
                0x000000002000003c        0x1 ./test/test.o
 *fill*         0x000000002000003d        0x3 
 .bss.mg_dma2PwmBitBuffer
                0x0000000020000040       0x30 ./ws2812b/ws2812b_base.o
 .bss.pmg_LedFrame
                0x0000000020000070        0x4 ./ws2812b/ws2812b_base.o
 .bss.mg_LedFrameNumOfLed
                0x0000000020000074        0x2 ./ws2812b/ws2812b_base.o
 .bss.mg_posInBufferToRead
                0x0000000020000076        0x2 ./ws2812b/ws2812b_base.o
 .bss.mg_numOfRepeatsCnt
                0x0000000020000078        0x2 ./ws2812b/ws2812b_base.o
 .bss.mg_flagSequenzEnd
                0x000000002000007a        0x1 ./ws2812b/ws2812b_base.o
 *(COMMON)
 *fill*         0x000000002000007b        0x1 
 COMMON         0x000000002000007c       0xf8 ./Core/Src/tim.o
                0x000000002000007c                htim3
                0x0000000020000130                hdma_tim3_ch4_up
 COMMON         0x0000000020000174       0x84 ./Core/Src/usart.o
                0x0000000020000174                huart2
 COMMON         0x00000000200001f8        0x4 ./Drivers/STM32F0xx_HAL_Driver/stm32f0xx_hal.o
                0x00000000200001f8                uwTick
                0x00000000200001fc                . = ALIGN (0x4)
                0x00000000200001fc                _ebss = .
                0x00000000200001fc                __bss_end__ = _ebss

._user_heap_stack
                0x00000000200001fc      0x604 load address 0x0000000008003c40
                0x0000000020000200                . = ALIGN (0x8)
 *fill*         0x00000000200001fc        0x4 
                [!provide]                        PROVIDE (end = .)
                0x0000000020000200                PROVIDE (_end = .)
                0x0000000020000400                . = (. + _Min_Heap_Size)
 *fill*         0x0000000020000200      0x200 
                0x0000000020000800                . = (. + _Min_Stack_Size)
 *fill*         0x0000000020000400      0x400 
                0x0000000020000800                . = ALIGN (0x8)

/DISCARD/
 libc.a(*)
 libm.a(*)
 libgcc.a(*)

.ARM.attributes
                0x0000000000000000       0x28
 *(.ARM.attributes)
 .ARM.attributes
                0x0000000000000000       0x1e /opt/st/stm32cubeide_1.4.0/plugins/com.st.stm32cube.ide.mcu.externaltools.gnu-tools-for-stm32.9-2020-q2-update.linux64_2.0.0.202105311346/tools/bin/../lib/gcc/arm-none-eabi/9.3.1/thumb/v6-m/nofp/crti.o
 .ARM.attributes
                0x000000000000001e       0x2c /opt/st/stm32cubeide_1.4.0/plugins/com.st.stm32cube.ide.mcu.externaltools.gnu-tools-for-stm32.9-2020-q2-update.linux64_2.0.0.202105311346/tools/bin/../lib/gcc/arm-none-eabi/9.3.1/thumb/v6-m/nofp/crtbegin.o
 .ARM.attributes
                0x000000000000004a       0x2c ./Core/Src/dma.o
 .ARM.attributes
                0x0000000000000076       0x2c ./Core/Src/gpio.o
 .ARM.attributes
                0x00000000000000a2       0x2c ./Core/Src/main.o
 .ARM.attributes
                0x00000000000000ce       0x2c ./Core/Src/stm32f0xx_hal_msp.o
 .ARM.attributes
                0x00000000000000fa       0x2c ./Core/Src/stm32f0xx_it.o
 .ARM.attributes
                0x0000000000000126       0x2c ./Core/Src/system_stm32f0xx.o
 .ARM.attributes
                0x0000000000000152       0x2c ./Core/Src/tim.o
 .ARM.attributes
                0x000000000000017e       0x2c ./Core/Src/usart.o
 .ARM.attributes
                0x00000000000001aa       0x21 ./Core/Startup/startup_stm32f042k6tx.o
 .ARM.attributes
                0x00000000000001cb       0x2c ./Drivers/STM32F0xx_HAL_Driver/stm32f0xx_hal.o
 .ARM.attributes
                0x00000000000001f7       0x2c ./Drivers/STM32F0xx_HAL_Driver/stm32f0xx_hal_cortex.o
 .ARM.attributes
                0x0000000000000223       0x2c ./Drivers/STM32F0xx_HAL_Driver/stm32f0xx_hal_dma.o
 .ARM.attributes
                0x000000000000024f       0x2c ./Drivers/STM32F0xx_HAL_Driver/stm32f0xx_hal_gpio.o
 .ARM.attributes
                0x000000000000027b       0x2c ./Drivers/STM32F0xx_HAL_Driver/stm32f0xx_hal_rcc.o
 .ARM.attributes
                0x00000000000002a7       0x2c ./Drivers/STM32F0xx_HAL_Driver/stm32f0xx_hal_tim.o
 .ARM.attributes
                0x00000000000002d3       0x2c ./Drivers/STM32F0xx_HAL_Driver/stm32f0xx_hal_tim_ex.o
 .ARM.attributes
                0x00000000000002ff       0x2c ./Drivers/STM32F0xx_HAL_Driver/stm32f0xx_hal_uart.o
 .ARM.attributes
                0x000000000000032b       0x2c ./test/test.o
 .ARM.attributes
                0x0000000000000357       0x2c ./ws2812b/ws2812b_base.o
 .ARM.attributes
                0x0000000000000383       0x2c /opt/st/stm32cubeide_1.4.0/plugins/com.st.stm32cube.ide.mcu.externaltools.gnu-tools-for-stm32.9-2020-q2-update.linux64_2.0.0.202105311346/tools/bin/../lib/gcc/arm-none-eabi/9.3.1/../../../../arm-none-eabi/lib/thumb/v6-m/nofp/libc_nano.a(lib_a-init.o)
 .ARM.attributes
                0x00000000000003af       0x2c /opt/st/stm32cubeide_1.4.0/plugins/com.st.stm32cube.ide.mcu.externaltools.gnu-tools-for-stm32.9-2020-q2-update.linux64_2.0.0.202105311346/tools/bin/../lib/gcc/arm-none-eabi/9.3.1/../../../../arm-none-eabi/lib/thumb/v6-m/nofp/libc_nano.a(lib_a-memset.o)
 .ARM.attributes
                0x00000000000003db       0x1e /opt/st/stm32cubeide_1.4.0/plugins/com.st.stm32cube.ide.mcu.externaltools.gnu-tools-for-stm32.9-2020-q2-update.linux64_2.0.0.202105311346/tools/bin/../lib/gcc/arm-none-eabi/9.3.1/thumb/v6-m/nofp/libgcc.a(_udivsi3.o)
 .ARM.attributes
                0x00000000000003f9       0x1e /opt/st/stm32cubeide_1.4.0/plugins/com.st.stm32cube.ide.mcu.externaltools.gnu-tools-for-stm32.9-2020-q2-update.linux64_2.0.0.202105311346/tools/bin/../lib/gcc/arm-none-eabi/9.3.1/thumb/v6-m/nofp/libgcc.a(_dvmd_tls.o)
 .ARM.attributes
                0x0000000000000417       0x1e /opt/st/stm32cubeide_1.4.0/plugins/com.st.stm32cube.ide.mcu.externaltools.gnu-tools-for-stm32.9-2020-q2-update.linux64_2.0.0.202105311346/tools/bin/../lib/gcc/arm-none-eabi/9.3.1/thumb/v6-m/nofp/crtn.o
OUTPUT(ws2812b_example.elf elf32-littlearm)
LOAD linker stubs
LOAD /opt/st/stm32cubeide_1.4.0/plugins/com.st.stm32cube.ide.mcu.externaltools.gnu-tools-for-stm32.9-2020-q2-update.linux64_2.0.0.202105311346/tools/bin/../lib/gcc/arm-none-eabi/9.3.1/../../../../arm-none-eabi/lib/thumb/v6-m/nofp/libc.a
LOAD /opt/st/stm32cubeide_1.4.0/plugins/com.st.stm32cube.ide.mcu.externaltools.gnu-tools-for-stm32.9-2020-q2-update.linux64_2.0.0.202105311346/tools/bin/../lib/gcc/arm-none-eabi/9.3.1/../../../../arm-none-eabi/lib/thumb/v6-m/nofp/libm.a
LOAD /opt/st/stm32cubeide_1.4.0/plugins/com.st.stm32cube.ide.mcu.externaltools.gnu-tools-for-stm32.9-2020-q2-update.linux64_2.0.0.202105311346/tools/bin/../lib/gcc/arm-none-eabi/9.3.1/thumb/v6-m/nofp/libgcc.a

.debug_info     0x0000000000000000     0xe814
 .debug_info    0x0000000000000000      0x32f ./Core/Src/dma.o
 .debug_info    0x000000000000032f      0x29a ./Core/Src/gpio.o
 .debug_info    0x00000000000005c9      0xdab ./Core/Src/main.o
 .debug_info    0x0000000000001374      0x27d ./Core/Src/stm32f0xx_hal_msp.o
 .debug_info    0x00000000000015f1      0x400 ./Core/Src/stm32f0xx_it.o
 .debug_info    0x00000000000019f1      0x2c3 ./Core/Src/system_stm32f0xx.o
 .debug_info    0x0000000000001cb4      0xd17 ./Core/Src/tim.o
 .debug_info    0x00000000000029cb      0x9bb ./Core/Src/usart.o
 .debug_info    0x0000000000003386       0x22 ./Core/Startup/startup_stm32f042k6tx.o
 .debug_info    0x00000000000033a8      0x6f4 ./Drivers/STM32F0xx_HAL_Driver/stm32f0xx_hal.o
 .debug_info    0x0000000000003a9c      0x7ca ./Drivers/STM32F0xx_HAL_Driver/stm32f0xx_hal_cortex.o
 .debug_info    0x0000000000004266      0x814 ./Drivers/STM32F0xx_HAL_Driver/stm32f0xx_hal_dma.o
 .debug_info    0x0000000000004a7a      0x6ed ./Drivers/STM32F0xx_HAL_Driver/stm32f0xx_hal_gpio.o
 .debug_info    0x0000000000005167      0x8b1 ./Drivers/STM32F0xx_HAL_Driver/stm32f0xx_hal_rcc.o
 .debug_info    0x0000000000005a18     0x2ef5 ./Drivers/STM32F0xx_HAL_Driver/stm32f0xx_hal_tim.o
 .debug_info    0x000000000000890d     0x16c8 ./Drivers/STM32F0xx_HAL_Driver/stm32f0xx_hal_tim_ex.o
 .debug_info    0x0000000000009fd5     0x3c1f ./Drivers/STM32F0xx_HAL_Driver/stm32f0xx_hal_uart.o
 .debug_info    0x000000000000dbf4      0x116 ./test/test.o
 .debug_info    0x000000000000dd0a      0xb0a ./ws2812b/ws2812b_base.o

.debug_abbrev   0x0000000000000000     0x2131
 .debug_abbrev  0x0000000000000000      0x11b ./Core/Src/dma.o
 .debug_abbrev  0x000000000000011b      0x11d ./Core/Src/gpio.o
 .debug_abbrev  0x0000000000000238      0x1eb ./Core/Src/main.o
 .debug_abbrev  0x0000000000000423      0x11d ./Core/Src/stm32f0xx_hal_msp.o
 .debug_abbrev  0x0000000000000540      0x163 ./Core/Src/stm32f0xx_it.o
 .debug_abbrev  0x00000000000006a3      0x145 ./Core/Src/system_stm32f0xx.o
 .debug_abbrev  0x00000000000007e8      0x1f0 ./Core/Src/tim.o
 .debug_abbrev  0x00000000000009d8      0x1bb ./Core/Src/usart.o
 .debug_abbrev  0x0000000000000b93       0x12 ./Core/Startup/startup_stm32f042k6tx.o
 .debug_abbrev  0x0000000000000ba5      0x21e ./Drivers/STM32F0xx_HAL_Driver/stm32f0xx_hal.o
 .debug_abbrev  0x0000000000000dc3      0x2a9 ./Drivers/STM32F0xx_HAL_Driver/stm32f0xx_hal_cortex.o
 .debug_abbrev  0x000000000000106c      0x242 ./Drivers/STM32F0xx_HAL_Driver/stm32f0xx_hal_dma.o
 .debug_abbrev  0x00000000000012ae      0x1e8 ./Drivers/STM32F0xx_HAL_Driver/stm32f0xx_hal_gpio.o
 .debug_abbrev  0x0000000000001496      0x23b ./Drivers/STM32F0xx_HAL_Driver/stm32f0xx_hal_rcc.o
 .debug_abbrev  0x00000000000016d1      0x26f ./Drivers/STM32F0xx_HAL_Driver/stm32f0xx_hal_tim.o
 .debug_abbrev  0x0000000000001940      0x277 ./Drivers/STM32F0xx_HAL_Driver/stm32f0xx_hal_tim_ex.o
 .debug_abbrev  0x0000000000001bb7      0x2b1 ./Drivers/STM32F0xx_HAL_Driver/stm32f0xx_hal_uart.o
 .debug_abbrev  0x0000000000001e68       0xac ./test/test.o
 .debug_abbrev  0x0000000000001f14      0x21d ./ws2812b/ws2812b_base.o

.debug_aranges  0x0000000000000000      0xc68
 .debug_aranges
                0x0000000000000000       0x20 ./Core/Src/dma.o
 .debug_aranges
                0x0000000000000020       0x20 ./Core/Src/gpio.o
 .debug_aranges
                0x0000000000000040       0x30 ./Core/Src/main.o
 .debug_aranges
                0x0000000000000070       0x20 ./Core/Src/stm32f0xx_hal_msp.o
 .debug_aranges
                0x0000000000000090       0x48 ./Core/Src/stm32f0xx_it.o
 .debug_aranges
                0x00000000000000d8       0x28 ./Core/Src/system_stm32f0xx.o
 .debug_aranges
                0x0000000000000100       0x38 ./Core/Src/tim.o
 .debug_aranges
                0x0000000000000138       0x30 ./Core/Src/usart.o
 .debug_aranges
                0x0000000000000168       0x28 ./Core/Startup/startup_stm32f042k6tx.o
 .debug_aranges
                0x0000000000000190       0xd0 ./Drivers/STM32F0xx_HAL_Driver/stm32f0xx_hal.o
 .debug_aranges
                0x0000000000000260       0xc0 ./Drivers/STM32F0xx_HAL_Driver/stm32f0xx_hal_cortex.o
 .debug_aranges
                0x0000000000000320       0x88 ./Drivers/STM32F0xx_HAL_Driver/stm32f0xx_hal_dma.o
 .debug_aranges
                0x00000000000003a8       0x58 ./Drivers/STM32F0xx_HAL_Driver/stm32f0xx_hal_gpio.o
 .debug_aranges
                0x0000000000000400       0x80 ./Drivers/STM32F0xx_HAL_Driver/stm32f0xx_hal_rcc.o
 .debug_aranges
                0x0000000000000480      0x3e8 ./Drivers/STM32F0xx_HAL_Driver/stm32f0xx_hal_tim.o
 .debug_aranges
                0x0000000000000868      0x168 ./Drivers/STM32F0xx_HAL_Driver/stm32f0xx_hal_tim_ex.o
 .debug_aranges
                0x00000000000009d0      0x228 ./Drivers/STM32F0xx_HAL_Driver/stm32f0xx_hal_uart.o
 .debug_aranges
                0x0000000000000bf8       0x20 ./test/test.o
 .debug_aranges
                0x0000000000000c18       0x50 ./ws2812b/ws2812b_base.o

.debug_ranges   0x0000000000000000      0xb70
 .debug_ranges  0x0000000000000000       0x10 ./Core/Src/dma.o
 .debug_ranges  0x0000000000000010       0x10 ./Core/Src/gpio.o
 .debug_ranges  0x0000000000000020       0x20 ./Core/Src/main.o
 .debug_ranges  0x0000000000000040       0x10 ./Core/Src/stm32f0xx_hal_msp.o
 .debug_ranges  0x0000000000000050       0x38 ./Core/Src/stm32f0xx_it.o
 .debug_ranges  0x0000000000000088       0x18 ./Core/Src/system_stm32f0xx.o
 .debug_ranges  0x00000000000000a0       0x28 ./Core/Src/tim.o
 .debug_ranges  0x00000000000000c8       0x20 ./Core/Src/usart.o
 .debug_ranges  0x00000000000000e8       0x20 ./Core/Startup/startup_stm32f042k6tx.o
 .debug_ranges  0x0000000000000108       0xc0 ./Drivers/STM32F0xx_HAL_Driver/stm32f0xx_hal.o
 .debug_ranges  0x00000000000001c8       0xb0 ./Drivers/STM32F0xx_HAL_Driver/stm32f0xx_hal_cortex.o
 .debug_ranges  0x0000000000000278       0x78 ./Drivers/STM32F0xx_HAL_Driver/stm32f0xx_hal_dma.o
 .debug_ranges  0x00000000000002f0       0x48 ./Drivers/STM32F0xx_HAL_Driver/stm32f0xx_hal_gpio.o
 .debug_ranges  0x0000000000000338       0x70 ./Drivers/STM32F0xx_HAL_Driver/stm32f0xx_hal_rcc.o
 .debug_ranges  0x00000000000003a8      0x3d8 ./Drivers/STM32F0xx_HAL_Driver/stm32f0xx_hal_tim.o
 .debug_ranges  0x0000000000000780      0x158 ./Drivers/STM32F0xx_HAL_Driver/stm32f0xx_hal_tim_ex.o
 .debug_ranges  0x00000000000008d8      0x248 ./Drivers/STM32F0xx_HAL_Driver/stm32f0xx_hal_uart.o
 .debug_ranges  0x0000000000000b20       0x10 ./test/test.o
 .debug_ranges  0x0000000000000b30       0x40 ./ws2812b/ws2812b_base.o

.debug_macro    0x0000000000000000    0x18983
 .debug_macro   0x0000000000000000      0x1db ./Core/Src/dma.o
 .debug_macro   0x00000000000001db      0xa7e ./Core/Src/dma.o
 .debug_macro   0x0000000000000c59      0x133 ./Core/Src/dma.o
 .debug_macro   0x0000000000000d8c       0x2e ./Core/Src/dma.o
 .debug_macro   0x0000000000000dba       0x22 ./Core/Src/dma.o
 .debug_macro   0x0000000000000ddc       0x22 ./Core/Src/dma.o
 .debug_macro   0x0000000000000dfe       0x8e ./Core/Src/dma.o
 .debug_macro   0x0000000000000e8c       0x51 ./Core/Src/dma.o
 .debug_macro   0x0000000000000edd      0x103 ./Core/Src/dma.o
 .debug_macro   0x0000000000000fe0       0x6a ./Core/Src/dma.o
 .debug_macro   0x000000000000104a      0x1df ./Core/Src/dma.o
 .debug_macro   0x0000000000001229       0x1c ./Core/Src/dma.o
 .debug_macro   0x0000000000001245       0x22 ./Core/Src/dma.o
 .debug_macro   0x0000000000001267       0xb5 ./Core/Src/dma.o
 .debug_macro   0x000000000000131c      0x391 ./Core/Src/dma.o
 .debug_macro   0x00000000000016ad     0xf1ed ./Core/Src/dma.o
 .debug_macro   0x000000000001089a       0x66 ./Core/Src/dma.o
 .debug_macro   0x0000000000010900     0x34a6 ./Core/Src/dma.o
 .debug_macro   0x0000000000013da6      0x174 ./Core/Src/dma.o
 .debug_macro   0x0000000000013f1a       0x55 ./Core/Src/dma.o
 .debug_macro   0x0000000000013f6f      0x946 ./Core/Src/dma.o
 .debug_macro   0x00000000000148b5      0x46b ./Core/Src/dma.o
 .debug_macro   0x0000000000014d20      0x1af ./Core/Src/dma.o
 .debug_macro   0x0000000000014ecf      0x130 ./Core/Src/dma.o
 .debug_macro   0x0000000000014fff      0x199 ./Core/Src/dma.o
 .debug_macro   0x0000000000015198      0x1ed ./Core/Src/dma.o
 .debug_macro   0x0000000000015385       0x34 ./Core/Src/dma.o
 .debug_macro   0x00000000000153b9       0x43 ./Core/Src/dma.o
 .debug_macro   0x00000000000153fc       0x28 ./Core/Src/dma.o
 .debug_macro   0x0000000000015424       0xb0 ./Core/Src/dma.o
 .debug_macro   0x00000000000154d4      0x182 ./Core/Src/dma.o
 .debug_macro   0x0000000000015656      0x22c ./Core/Src/dma.o
 .debug_macro   0x0000000000015882       0x61 ./Core/Src/dma.o
 .debug_macro   0x00000000000158e3       0xa5 ./Core/Src/dma.o
 .debug_macro   0x0000000000015988       0x4c ./Core/Src/dma.o
 .debug_macro   0x00000000000159d4      0x15b ./Core/Src/dma.o
 .debug_macro   0x0000000000015b2f      0x8d8 ./Core/Src/dma.o
 .debug_macro   0x0000000000016407       0x28 ./Core/Src/dma.o
 .debug_macro   0x000000000001642f      0x5a5 ./Core/Src/dma.o
 .debug_macro   0x00000000000169d4       0x44 ./Core/Src/dma.o
 .debug_macro   0x0000000000016a18      0x12e ./Core/Src/dma.o
 .debug_macro   0x0000000000016b46       0x40 ./Core/Src/dma.o
 .debug_macro   0x0000000000016b86      0x1db ./Core/Src/gpio.o
 .debug_macro   0x0000000000016d61      0x211 ./Core/Src/main.o
 .debug_macro   0x0000000000016f72      0x1d1 ./Core/Src/stm32f0xx_hal_msp.o
 .debug_macro   0x0000000000017143      0x1db ./Core/Src/stm32f0xx_it.o
 .debug_macro   0x000000000001731e      0x1c2 ./Core/Src/system_stm32f0xx.o
 .debug_macro   0x00000000000174e0      0x1db ./Core/Src/tim.o
 .debug_macro   0x00000000000176bb      0x1db ./Core/Src/usart.o
 .debug_macro   0x0000000000017896      0x1e6 ./Drivers/STM32F0xx_HAL_Driver/stm32f0xx_hal.o
 .debug_macro   0x0000000000017a7c      0x1c2 ./Drivers/STM32F0xx_HAL_Driver/stm32f0xx_hal_cortex.o
 .debug_macro   0x0000000000017c3e      0x1c2 ./Drivers/STM32F0xx_HAL_Driver/stm32f0xx_hal_dma.o
 .debug_macro   0x0000000000017e00      0x1c9 ./Drivers/STM32F0xx_HAL_Driver/stm32f0xx_hal_gpio.o
 .debug_macro   0x0000000000017fc9      0x1d4 ./Drivers/STM32F0xx_HAL_Driver/stm32f0xx_hal_rcc.o
 .debug_macro   0x000000000001819d      0x1c3 ./Drivers/STM32F0xx_HAL_Driver/stm32f0xx_hal_tim.o
 .debug_macro   0x0000000000018360      0x1c2 ./Drivers/STM32F0xx_HAL_Driver/stm32f0xx_hal_tim_ex.o
 .debug_macro   0x0000000000018522      0x1df ./Drivers/STM32F0xx_HAL_Driver/stm32f0xx_hal_uart.o
 .debug_macro   0x0000000000018701       0x76 ./test/test.o
 .debug_macro   0x0000000000018777       0x22 ./test/test.o
 .debug_macro   0x0000000000018799      0x1ea ./ws2812b/ws2812b_base.o

.debug_line     0x0000000000000000    0x113cf
 .debug_line    0x0000000000000000      0x792 ./Core/Src/dma.o
 .debug_line    0x0000000000000792      0x794 ./Core/Src/gpio.o
 .debug_line    0x0000000000000f26      0x85a ./Core/Src/main.o
 .debug_line    0x0000000000001780      0x797 ./Core/Src/stm32f0xx_hal_msp.o
 .debug_line    0x0000000000001f17      0x813 ./Core/Src/stm32f0xx_it.o
 .debug_line    0x000000000000272a      0x81e ./Core/Src/system_stm32f0xx.o
 .debug_line    0x0000000000002f48      0x863 ./Core/Src/tim.o
 .debug_line    0x00000000000037ab      0x806 ./Core/Src/usart.o
 .debug_line    0x0000000000003fb1       0x9b ./Core/Startup/startup_stm32f042k6tx.o
 .debug_line    0x000000000000404c      0xa47 ./Drivers/STM32F0xx_HAL_Driver/stm32f0xx_hal.o
 .debug_line    0x0000000000004a93      0xaf3 ./Drivers/STM32F0xx_HAL_Driver/stm32f0xx_hal_cortex.o
 .debug_line    0x0000000000005586      0xd63 ./Drivers/STM32F0xx_HAL_Driver/stm32f0xx_hal_dma.o
 .debug_line    0x00000000000062e9      0xbb1 ./Drivers/STM32F0xx_HAL_Driver/stm32f0xx_hal_gpio.o
 .debug_line    0x0000000000006e9a      0xed6 ./Drivers/STM32F0xx_HAL_Driver/stm32f0xx_hal_rcc.o
 .debug_line    0x0000000000007d70     0x3a75 ./Drivers/STM32F0xx_HAL_Driver/stm32f0xx_hal_tim.o
 .debug_line    0x000000000000b7e5     0x19d5 ./Drivers/STM32F0xx_HAL_Driver/stm32f0xx_hal_tim_ex.o
 .debug_line    0x000000000000d1ba     0x2d6a ./Drivers/STM32F0xx_HAL_Driver/stm32f0xx_hal_uart.o
 .debug_line    0x000000000000ff24      0x394 ./test/test.o
 .debug_line    0x00000000000102b8     0x1117 ./ws2812b/ws2812b_base.o

.debug_str      0x0000000000000000    0x8e255
 .debug_str     0x0000000000000000    0x8a82f ./Core/Src/dma.o
                                      0x8aafb (size before relaxing)
 .debug_str     0x000000000008a82f       0x2c ./Core/Src/gpio.o
                                      0x8a95f (size before relaxing)
 .debug_str     0x000000000008a85b      0x953 ./Core/Src/main.o
                                      0x8b420 (size before relaxing)
 .debug_str     0x000000000008b1ae       0x2c ./Core/Src/stm32f0xx_hal_msp.o
                                      0x8a95f (size before relaxing)
 .debug_str     0x000000000008b1da       0x87 ./Core/Src/stm32f0xx_it.o
                                      0x8ab52 (size before relaxing)
 .debug_str     0x000000000008b261       0x5f ./Core/Src/system_stm32f0xx.o
                                      0x8a8a7 (size before relaxing)
 .debug_str     0x000000000008b2c0      0x18c ./Core/Src/tim.o
                                      0x8b3f0 (size before relaxing)
 .debug_str     0x000000000008b44c       0x57 ./Core/Src/usart.o
                                      0x8ae2c (size before relaxing)
 .debug_str     0x000000000008b4a3       0x36 ./Core/Startup/startup_stm32f042k6tx.o
                                         0x6c (size before relaxing)
 .debug_str     0x000000000008b4d9      0x34d ./Drivers/STM32F0xx_HAL_Driver/stm32f0xx_hal.o
                                      0x8ae07 (size before relaxing)
 .debug_str     0x000000000008b826      0x226 ./Drivers/STM32F0xx_HAL_Driver/stm32f0xx_hal_cortex.o
                                      0x8acbb (size before relaxing)
 .debug_str     0x000000000008ba4c      0x27e ./Drivers/STM32F0xx_HAL_Driver/stm32f0xx_hal_dma.o
                                      0x8acb5 (size before relaxing)
 .debug_str     0x000000000008bcca      0x1a3 ./Drivers/STM32F0xx_HAL_Driver/stm32f0xx_hal_gpio.o
                                      0x8aabc (size before relaxing)
 .debug_str     0x000000000008be6d      0x276 ./Drivers/STM32F0xx_HAL_Driver/stm32f0xx_hal_rcc.o
                                      0x8acf2 (size before relaxing)
 .debug_str     0x000000000008c0e3     0x1195 ./Drivers/STM32F0xx_HAL_Driver/stm32f0xx_hal_tim.o
                                      0x8c2ae (size before relaxing)
 .debug_str     0x000000000008d278      0x524 ./Drivers/STM32F0xx_HAL_Driver/stm32f0xx_hal_tim_ex.o
                                      0x8b6cb (size before relaxing)
 .debug_str     0x000000000008d79c      0x8be ./Drivers/STM32F0xx_HAL_Driver/stm32f0xx_hal_uart.o
                                      0x8b5b1 (size before relaxing)
 .debug_str     0x000000000008e05a       0x95 ./test/test.o
                                       0x3c8a (size before relaxing)
 .debug_str     0x000000000008e0ef      0x166 ./ws2812b/ws2812b_base.o
                                      0x8b273 (size before relaxing)

.comment        0x0000000000000000       0x53
 .comment       0x0000000000000000       0x53 ./Core/Src/dma.o
                                         0x54 (size before relaxing)
 .comment       0x0000000000000053       0x54 ./Core/Src/gpio.o
 .comment       0x0000000000000053       0x54 ./Core/Src/main.o
 .comment       0x0000000000000053       0x54 ./Core/Src/stm32f0xx_hal_msp.o
 .comment       0x0000000000000053       0x54 ./Core/Src/stm32f0xx_it.o
 .comment       0x0000000000000053       0x54 ./Core/Src/system_stm32f0xx.o
 .comment       0x0000000000000053       0x54 ./Core/Src/tim.o
 .comment       0x0000000000000053       0x54 ./Core/Src/usart.o
 .comment       0x0000000000000053       0x54 ./Drivers/STM32F0xx_HAL_Driver/stm32f0xx_hal.o
 .comment       0x0000000000000053       0x54 ./Drivers/STM32F0xx_HAL_Driver/stm32f0xx_hal_cortex.o
 .comment       0x0000000000000053       0x54 ./Drivers/STM32F0xx_HAL_Driver/stm32f0xx_hal_dma.o
 .comment       0x0000000000000053       0x54 ./Drivers/STM32F0xx_HAL_Driver/stm32f0xx_hal_gpio.o
 .comment       0x0000000000000053       0x54 ./Drivers/STM32F0xx_HAL_Driver/stm32f0xx_hal_rcc.o
 .comment       0x0000000000000053       0x54 ./Drivers/STM32F0xx_HAL_Driver/stm32f0xx_hal_tim.o
 .comment       0x0000000000000053       0x54 ./Drivers/STM32F0xx_HAL_Driver/stm32f0xx_hal_tim_ex.o
 .comment       0x0000000000000053       0x54 ./Drivers/STM32F0xx_HAL_Driver/stm32f0xx_hal_uart.o
 .comment       0x0000000000000053       0x54 ./test/test.o
 .comment       0x0000000000000053       0x54 ./ws2812b/ws2812b_base.o

.debug_frame    0x0000000000000000     0x2b44
 .debug_frame   0x0000000000000000       0x30 ./Core/Src/dma.o
 .debug_frame   0x0000000000000030       0x30 ./Core/Src/gpio.o
 .debug_frame   0x0000000000000060       0x68 ./Core/Src/main.o
 .debug_frame   0x00000000000000c8       0x30 ./Core/Src/stm32f0xx_hal_msp.o
 .debug_frame   0x00000000000000f8       0xb8 ./Core/Src/stm32f0xx_it.o
 .debug_frame   0x00000000000001b0       0x4c ./Core/Src/system_stm32f0xx.o
 .debug_frame   0x00000000000001fc       0x90 ./Core/Src/tim.o
 .debug_frame   0x000000000000028c       0x6c ./Core/Src/usart.o
 .debug_frame   0x00000000000002f8      0x2a4 ./Drivers/STM32F0xx_HAL_Driver/stm32f0xx_hal.o
 .debug_frame   0x000000000000059c      0x2a0 ./Drivers/STM32F0xx_HAL_Driver/stm32f0xx_hal_cortex.o
 .debug_frame   0x000000000000083c      0x1d0 ./Drivers/STM32F0xx_HAL_Driver/stm32f0xx_hal_dma.o
 .debug_frame   0x0000000000000a0c      0x110 ./Drivers/STM32F0xx_HAL_Driver/stm32f0xx_hal_gpio.o
 .debug_frame   0x0000000000000b1c      0x198 ./Drivers/STM32F0xx_HAL_Driver/stm32f0xx_hal_rcc.o
 .debug_frame   0x0000000000000cb4      0xf60 ./Drivers/STM32F0xx_HAL_Driver/stm32f0xx_hal_tim.o
 .debug_frame   0x0000000000001c14      0x560 ./Drivers/STM32F0xx_HAL_Driver/stm32f0xx_hal_tim_ex.o
 .debug_frame   0x0000000000002174      0x850 ./Drivers/STM32F0xx_HAL_Driver/stm32f0xx_hal_uart.o
 .debug_frame   0x00000000000029c4       0x2c ./test/test.o
 .debug_frame   0x00000000000029f0       0xe8 ./ws2812b/ws2812b_base.o
 .debug_frame   0x0000000000002ad8       0x2c /opt/st/stm32cubeide_1.4.0/plugins/com.st.stm32cube.ide.mcu.externaltools.gnu-tools-for-stm32.9-2020-q2-update.linux64_2.0.0.202105311346/tools/bin/../lib/gcc/arm-none-eabi/9.3.1/../../../../arm-none-eabi/lib/thumb/v6-m/nofp/libc_nano.a(lib_a-init.o)
 .debug_frame   0x0000000000002b04       0x20 /opt/st/stm32cubeide_1.4.0/plugins/com.st.stm32cube.ide.mcu.externaltools.gnu-tools-for-stm32.9-2020-q2-update.linux64_2.0.0.202105311346/tools/bin/../lib/gcc/arm-none-eabi/9.3.1/../../../../arm-none-eabi/lib/thumb/v6-m/nofp/libc_nano.a(lib_a-memset.o)
 .debug_frame   0x0000000000002b24       0x20 /opt/st/stm32cubeide_1.4.0/plugins/com.st.stm32cube.ide.mcu.externaltools.gnu-tools-for-stm32.9-2020-q2-update.linux64_2.0.0.202105311346/tools/bin/../lib/gcc/arm-none-eabi/9.3.1/thumb/v6-m/nofp/libgcc.a(_udivsi3.o)
